tar: stdout: ошибка записи
go: downloading github.com/fogleman/gg v1.3.0
go: downloading github.com/golang/freetype v0.0.0-20170609003504-e2365dfdc4a0
go: downloading golang.org/x/image v0.0.0-20210628002857-a66eb6448b8d
go: downloading github.com/disintegration/imaging v1.6.2
go: downloading github.com/gookit/color v1.4.2
go: downloading github.com/makeworld-the-better-one/dither/v2 v2.2.0
go: downloading github.com/spf13/viper v1.7.1
go: downloading github.com/nathan-fiscaletti/consolesize-go v0.0.0-20210105204122-a87d9f614b9d
go: downloading github.com/fsnotify/fsnotify v1.4.9
go: downloading github.com/hashicorp/hcl v1.0.0
go: downloading github.com/magiconair/properties v1.8.5
go: downloading github.com/mitchellh/mapstructure v1.4.1
go: downloading github.com/pelletier/go-toml v1.9.1
go: downloading github.com/spf13/afero v1.6.0
go: downloading github.com/spf13/cast v1.3.1
go: downloading github.com/spf13/jwalterweatherman v1.1.0
go: downloading github.com/subosito/gotenv v1.2.0
go: downloading gopkg.in/ini.v1 v1.62.0
go: downloading gopkg.in/yaml.v2 v2.4.0
go: downloading golang.org/x/sys v0.0.0-20210601080250-7ecdf8ef093b
go: downloading golang.org/x/text v0.3.6
setting SOURCE_DATE_EPOCH=1787702400
Записан: /home/samsa/terminal-eye-candy-rpm/SRPMS/ascii-image-converter-1.13.1-1.fc44.src.rpm
[OK] SRPMS/ содержит свежий ascii-image-converter-1.13.1 src.rpm
